// Jest Snapshot v1, https://goo.gl/fbAQLP

exports[`POST STOCK POST /stocks - create stock validate stock_code 1`] = `"{\\"message\\":\\"\\\\\\"stock_code\\\\\\" is required\\"}"`;
