// Jest Snapshot v1, https://goo.gl/fbAQLP

exports[`POST LOGIN /auth/login POST LOGIN - login user validate username 1`] = `"{\\"message\\":\\"\\\\\\"username\\\\\\" is not allowed to be empty\\"}"`;
