// Jest Snapshot v1, https://goo.gl/fbAQLP

exports[`POST Session POST /sessions create session valide user_id 1`] = `"{\\"message\\":\\"\\\\\\"user_id\\\\\\" is required\\"}"`;
